// Jest Snapshot v1, https://goo.gl/fbAQLP

exports[`DlgDiscountPercent snapshot Проверка title 1`] = `
<div
  className="static-modal"
>
  <div
    className="modal"
    role="dialog"
    style={
      Object {
        "display": "block",
      }
    }
    tabIndex="-1"
  >
    <div
      className="modal-dialog"
    >
      <div
        className="modal-content"
        role="document"
      >
        <div
          className="modal-header"
        >
          <h4
            className="modal-title"
          >
            Введите прооцент скидки
          </h4>
        </div>
        <div
          className="modal-body"
        >
          <form
            className="form-horizontal"
          >
            <div
              className="form-group"
              style={
                Object {
                  "marginBottom": 0,
                }
              }
            >
              <div
                className="col-sm-12"
              >
                <input
                  className="form-control"
                  id="percent"
                  onKeyDown={[Function]}
                  type="number"
                />
              </div>
            </div>
          </form>
        </div>
        <div
          className="modal-footer"
        >
          <button
            className="btn btn-default"
            disabled={false}
            onClick={[Function]}
            type="button"
          >
            Отмена
          </button>
          <button
            className="btn btn-primary"
            disabled={false}
            onClick={[Function]}
            type="button"
          >
            Сохранить
          </button>
        </div>
      </div>
    </div>
  </div>
</div>
`;
